base="base                "
muted="muted               "
border="border              "
focus="focus               "
error="error               "
success="success             "
warning="warning             "
info="info                "
chat_user="chat_user           "
chat_assistant="chat_assistant      "
chat_tool="chat_tool           "
chat_system="chat_system         "
chat_code="chat_code           "
chat_link="chat_link           "
status_bar="status_bar          "
status_bar_active="status_bar_active   "
top_bar="top_bar             "
input_field="╭────────────────────╮\n│input_field         │\n╰────────────────────╯"
input_field_focused="╭────────────────────╮\n│input_field_focused │\n╰────────────────────╯"
modal="╭────────────────────╮\n│modal               │\n╰────────────────────╯"
modal_title="modal_title         "
palette="palette             "
palette_highlight="palette_highlight   "
mention_list="mention_list        "
mention_highlight="mention_highlight   "
cost_good="cost_good           "
cost_warn="cost_warn           "
cost_bad="cost_bad            "
tool_pending="tool_pending        "
tool_success="tool_success        "
tool_error="tool_error          "
